// Jest Snapshot v1, https://goo.gl/fbAQLP

exports[`Header Header matches snapshot 1`] = `
<div
  className="sc-hKwDye kMUTDx"
  data-testid="Header"
>
  <nav
    aria-label="breadcrumb"
    className="MuiTypography-root MuiBreadcrumbs-root sc-dkPtRN jAhehB MuiTypography-body1 MuiTypography-colorTextSecondary"
    data-testid="breadcrumbs"
  >
    <ol
      className="MuiBreadcrumbs-ol"
    >
      <li
        className="MuiBreadcrumbs-li"
      >
        <a
          className="sc-gsDKAQ WUnHj"
          href="/"
          onClick={[Function]}
        >
          Home
        </a>
      </li>
    </ol>
  </nav>
</div>
`;
